1
0
Mr%20John%20Smith
0
0
a2b3c3a1
abcdefgashbidlg
